Archive member included because of file (symbol)

c:/winavr-20100110/bin/../lib/gcc/avr/4.3.3/avr4\libgcc.a(_mulsi3.o)
                              BMP085.o (__mulsi3)
c:/winavr-20100110/bin/../lib/gcc/avr/4.3.3/avr4\libgcc.a(_udivmodhi4.o)
                              RXModul.o (__udivmodhi4)
c:/winavr-20100110/bin/../lib/gcc/avr/4.3.3/avr4\libgcc.a(_udivmodsi4.o)
                              BMP085.o (__udivmodsi4)
c:/winavr-20100110/bin/../lib/gcc/avr/4.3.3/avr4\libgcc.a(_divmodsi4.o)
                              BMP085.o (__divmodsi4)
c:/winavr-20100110/bin/../lib/gcc/avr/4.3.3/avr4\libgcc.a(_exit.o)
                              c:/winavr-20100110/bin/../lib/gcc/avr/4.3.3/../../../../avr/lib/avr4/crtm8.o (exit)
c:/winavr-20100110/bin/../lib/gcc/avr/4.3.3/avr4\libgcc.a(_copy_data.o)
                              RXModul.o (__do_copy_data)
c:/winavr-20100110/bin/../lib/gcc/avr/4.3.3/avr4\libgcc.a(_clear_bss.o)
                              BMP085.o (__do_clear_bss)
c:/winavr-20100110/bin/../lib/gcc/avr/4.3.3/../../../../avr/lib/avr4\libc.a(strtol.o)
                              RXModul.o (strtol)
c:/winavr-20100110/bin/../lib/gcc/avr/4.3.3/../../../../avr/lib/avr4\libc.a(isspace.o)
                              c:/winavr-20100110/bin/../lib/gcc/avr/4.3.3/../../../../avr/lib/avr4\libc.a(strtol.o) (isspace)
c:/winavr-20100110/bin/../lib/gcc/avr/4.3.3/../../../../avr/lib/avr4\libc.a(strchr.o)
                              RXModul.o (strchr)
c:/winavr-20100110/bin/../lib/gcc/avr/4.3.3/../../../../avr/lib/avr4\libc.a(strcpy.o)
                              RXModul.o (strcpy)
c:/winavr-20100110/bin/../lib/gcc/avr/4.3.3/../../../../avr/lib/avr4\libc.a(strstr.o)
                              RXModul.o (strstr)
c:/winavr-20100110/bin/../lib/gcc/avr/4.3.3/../../../../avr/lib/avr4\libc.a(ltoa.o)
                              UART.o (ltoa)
c:/winavr-20100110/bin/../lib/gcc/avr/4.3.3/../../../../avr/lib/avr4\libc.a(eerd_word_atmega8.o)
                              RXModul.o (__eerd_word_m8)
c:/winavr-20100110/bin/../lib/gcc/avr/4.3.3/../../../../avr/lib/avr4\libc.a(errno.o)
                              c:/winavr-20100110/bin/../lib/gcc/avr/4.3.3/../../../../avr/lib/avr4\libc.a(strtol.o) (errno)
c:/winavr-20100110/bin/../lib/gcc/avr/4.3.3/../../../../avr/lib/avr4\libc.a(cty_isfalse.o)
                              c:/winavr-20100110/bin/../lib/gcc/avr/4.3.3/../../../../avr/lib/avr4\libc.a(isspace.o) (__ctype_isfalse)
c:/winavr-20100110/bin/../lib/gcc/avr/4.3.3/../../../../avr/lib/avr4\libc.a(strrev.o)
                              c:/winavr-20100110/bin/../lib/gcc/avr/4.3.3/../../../../avr/lib/avr4\libc.a(ltoa.o) (strrev)
c:/winavr-20100110/bin/../lib/gcc/avr/4.3.3/../../../../avr/lib/avr4\libc.a(eerd_block_atmega8.o)
                              c:/winavr-20100110/bin/../lib/gcc/avr/4.3.3/../../../../avr/lib/avr4\libc.a(eerd_word_atmega8.o) (__eerd_blraw_m8)

Allocating common symbols
Common symbol       size              file

errno               0x2               c:/winavr-20100110/bin/../lib/gcc/avr/4.3.3/../../../../avr/lib/avr4\libc.a(errno.o)
buffer              0x5a              RXModul.o
bufferGGA           0x5a              RXModul.o
bufferRMC           0x5a              RXModul.o

Memory Configuration

Name             Origin             Length             Attributes
text             0x00000000         0x00002000         xr
data             0x00800060         0x0000ffa0         rw !x
eeprom           0x00810000         0x00010000         rw !x
fuse             0x00820000         0x00000400         rw !x
lock             0x00830000         0x00000400         rw !x
signature        0x00840000         0x00000400         rw !x
*default*        0x00000000         0xffffffff

Linker script and memory map

LOAD c:/winavr-20100110/bin/../lib/gcc/avr/4.3.3/../../../../avr/lib/avr4/crtm8.o
LOAD BMP085.o
LOAD crc8.o
LOAD i2csoft.o
LOAD ds18x20.o
LOAD onewire.o
LOAD RXModul.o
LOAD UART.o
START GROUP
LOAD c:/winavr-20100110/bin/../lib/gcc/avr/4.3.3/../../../../avr/lib/avr4\libm.a
END GROUP
LOAD c:/winavr-20100110/bin/../lib/gcc/avr/4.3.3/avr4\libgcc.a
LOAD c:/winavr-20100110/bin/../lib/gcc/avr/4.3.3/../../../../avr/lib/avr4\libc.a
LOAD c:/winavr-20100110/bin/../lib/gcc/avr/4.3.3/avr4\libgcc.a

.hash
 *(.hash)

.dynsym
 *(.dynsym)

.dynstr
 *(.dynstr)

.gnu.version
 *(.gnu.version)

.gnu.version_d
 *(.gnu.version_d)

.gnu.version_r
 *(.gnu.version_r)

.rel.init
 *(.rel.init)

.rela.init
 *(.rela.init)

.rel.text
 *(.rel.text)
 *(.rel.text.*)
 *(.rel.gnu.linkonce.t*)

.rela.text
 *(.rela.text)
 *(.rela.text.*)
 *(.rela.gnu.linkonce.t*)

.rel.fini
 *(.rel.fini)

.rela.fini
 *(.rela.fini)

.rel.rodata
 *(.rel.rodata)
 *(.rel.rodata.*)
 *(.rel.gnu.linkonce.r*)

.rela.rodata
 *(.rela.rodata)
 *(.rela.rodata.*)
 *(.rela.gnu.linkonce.r*)

.rel.data
 *(.rel.data)
 *(.rel.data.*)
 *(.rel.gnu.linkonce.d*)

.rela.data
 *(.rela.data)
 *(.rela.data.*)
 *(.rela.gnu.linkonce.d*)

.rel.ctors
 *(.rel.ctors)

.rela.ctors
 *(.rela.ctors)

.rel.dtors
 *(.rel.dtors)

.rela.dtors
 *(.rela.dtors)

.rel.got
 *(.rel.got)

.rela.got
 *(.rela.got)

.rel.bss
 *(.rel.bss)

.rela.bss
 *(.rela.bss)

.rel.plt
 *(.rel.plt)

.rela.plt
 *(.rela.plt)

.text           0x00000000     0x1576
 *(.vectors)
 .vectors       0x00000000       0x26 c:/winavr-20100110/bin/../lib/gcc/avr/4.3.3/../../../../avr/lib/avr4/crtm8.o
                0x00000000                __vectors
                0x00000000                __vector_default
 *(.vectors)
 *(.progmem.gcc*)
 *(.progmem*)
 .progmem.data  0x00000026        0xb RXModul.o
                0x00000026                PRGMVER
                0x00000032                . = ALIGN (0x2)
 *fill*         0x00000031        0x1 00
                0x00000032                __trampolines_start = .
 *(.trampolines)
 .trampolines   0x00000032        0x0 linker stubs
 *(.trampolines*)
                0x00000032                __trampolines_end = .
 *(.jumptables)
 *(.jumptables*)
 *(.lowtext)
 *(.lowtext*)
                0x00000032                __ctors_start = .
 *(.ctors)
                0x00000032                __ctors_end = .
                0x00000032                __dtors_start = .
 *(.dtors)
                0x00000032                __dtors_end = .
 SORT(*)(.ctors)
 SORT(*)(.dtors)
 *(.init0)
 .init0         0x00000032        0x0 c:/winavr-20100110/bin/../lib/gcc/avr/4.3.3/../../../../avr/lib/avr4/crtm8.o
                0x00000032                __init
 *(.init0)
 *(.init1)
 *(.init1)
 *(.init2)
 .init2         0x00000032        0xc c:/winavr-20100110/bin/../lib/gcc/avr/4.3.3/../../../../avr/lib/avr4/crtm8.o
 *(.init2)
 *(.init3)
 *(.init3)
 *(.init4)
 .init4         0x0000003e       0x16 c:/winavr-20100110/bin/../lib/gcc/avr/4.3.3/avr4\libgcc.a(_copy_data.o)
                0x0000003e                __do_copy_data
 .init4         0x00000054       0x10 c:/winavr-20100110/bin/../lib/gcc/avr/4.3.3/avr4\libgcc.a(_clear_bss.o)
                0x00000054                __do_clear_bss
 *(.init4)
 *(.init5)
 *(.init5)
 *(.init6)
 *(.init6)
 *(.init7)
 *(.init7)
 *(.init8)
 *(.init8)
 *(.init9)
 .init9         0x00000064        0x4 c:/winavr-20100110/bin/../lib/gcc/avr/4.3.3/../../../../avr/lib/avr4/crtm8.o
 *(.init9)
 *(.text)
 .text          0x00000068        0x2 c:/winavr-20100110/bin/../lib/gcc/avr/4.3.3/../../../../avr/lib/avr4/crtm8.o
                0x00000068                __vector_1
                0x00000068                __vector_12
                0x00000068                __bad_interrupt
                0x00000068                __vector_3
                0x00000068                __vector_13
                0x00000068                __vector_17
                0x00000068                __vector_7
                0x00000068                __vector_5
                0x00000068                __vector_4
                0x00000068                __vector_2
                0x00000068                __vector_15
                0x00000068                __vector_8
                0x00000068                __vector_10
                0x00000068                __vector_16
                0x00000068                __vector_18
 .text          0x0000006a      0x4ee BMP085.o
                0x000000be                BMP085readTemperature
                0x00000550                BMP085startTemperature
                0x00000170                BMP085Init
                0x000001f6                BMP085readPressure
                0x00000548                BMP085startPressure
 .text          0x00000558       0x40 crc8.o
                0x00000558                crc8
 .text          0x00000598      0x122 i2csoft.o
                0x00000598                SoftI2CInit
                0x000005be                SoftI2CStop
                0x00000648                SoftI2CReadByte
                0x000005dc                SoftI2CWriteByte
                0x000005aa                SoftI2CStart
 .text          0x000006ba      0x1ac ds18x20.o
                0x000007f8                DS18X20_start_meas
                0x000006ba                DS18X20_read_decicelsius
                0x0000082a                DS18X20_find_sensor
 .text          0x00000866      0x1b6 onewire.o
                0x00000a10                ow_command
                0x00000876                ow_reset
                0x00000866                ow_input_pin_state
                0x00000938                ow_byte_rd
                0x0000093e                ow_rom_search
                0x000008ee                ow_Byte_wr
                0x0000090e                ow_Byte_wr_with_parasite_enable
                0x00000872                ow_parasite_disable
                0x00000a16                ow_command_with_parasite_enable
                0x0000086c                ow_parasite_enable
                0x000008e6                ow_bit_io
 .text          0x00000a1c      0x690 RXModul.o
                0x00000a1c                __vector_6
                0x00000bd2                __vector_11
                0x00000a9c                main
                0x00000d72                __vector_9
                0x00000a66                __vector_14
 .text          0x000010ac       0x72 UART.o
                0x000010c8                u_puts
                0x000010ac                init_uart
                0x000010c0                u_putc
                0x000010ea                u_puti
                0x000010ba                u_change_baud
                0x000010e2                u_getc
 .text          0x0000111e        0x0 c:/winavr-20100110/bin/../lib/gcc/avr/4.3.3/avr4\libgcc.a(_mulsi3.o)
 .text          0x0000111e        0x0 c:/winavr-20100110/bin/../lib/gcc/avr/4.3.3/avr4\libgcc.a(_udivmodhi4.o)
 .text          0x0000111e        0x0 c:/winavr-20100110/bin/../lib/gcc/avr/4.3.3/avr4\libgcc.a(_udivmodsi4.o)
 .text          0x0000111e        0x0 c:/winavr-20100110/bin/../lib/gcc/avr/4.3.3/avr4\libgcc.a(_divmodsi4.o)
 .text          0x0000111e        0x0 c:/winavr-20100110/bin/../lib/gcc/avr/4.3.3/avr4\libgcc.a(_exit.o)
 .text          0x0000111e        0x0 c:/winavr-20100110/bin/../lib/gcc/avr/4.3.3/avr4\libgcc.a(_copy_data.o)
 .text          0x0000111e        0x0 c:/winavr-20100110/bin/../lib/gcc/avr/4.3.3/avr4\libgcc.a(_clear_bss.o)
 .text          0x0000111e        0x0 c:/winavr-20100110/bin/../lib/gcc/avr/4.3.3/../../../../avr/lib/avr4\libc.a(strtol.o)
 .text          0x0000111e        0x0 c:/winavr-20100110/bin/../lib/gcc/avr/4.3.3/../../../../avr/lib/avr4\libc.a(isspace.o)
 .text          0x0000111e        0x0 c:/winavr-20100110/bin/../lib/gcc/avr/4.3.3/../../../../avr/lib/avr4\libc.a(strchr.o)
 .text          0x0000111e        0x0 c:/winavr-20100110/bin/../lib/gcc/avr/4.3.3/../../../../avr/lib/avr4\libc.a(strcpy.o)
 .text          0x0000111e        0x0 c:/winavr-20100110/bin/../lib/gcc/avr/4.3.3/../../../../avr/lib/avr4\libc.a(strstr.o)
 .text          0x0000111e        0x0 c:/winavr-20100110/bin/../lib/gcc/avr/4.3.3/../../../../avr/lib/avr4\libc.a(ltoa.o)
 .text          0x0000111e        0x0 c:/winavr-20100110/bin/../lib/gcc/avr/4.3.3/../../../../avr/lib/avr4\libc.a(eerd_word_atmega8.o)
 .text          0x0000111e        0x0 c:/winavr-20100110/bin/../lib/gcc/avr/4.3.3/../../../../avr/lib/avr4\libc.a(errno.o)
 .text          0x0000111e        0x0 c:/winavr-20100110/bin/../lib/gcc/avr/4.3.3/../../../../avr/lib/avr4\libc.a(cty_isfalse.o)
 .text          0x0000111e        0x0 c:/winavr-20100110/bin/../lib/gcc/avr/4.3.3/../../../../avr/lib/avr4\libc.a(strrev.o)
 .text          0x0000111e        0x0 c:/winavr-20100110/bin/../lib/gcc/avr/4.3.3/../../../../avr/lib/avr4\libc.a(eerd_block_atmega8.o)
                0x0000111e                . = ALIGN (0x2)
 *(.text.*)
 .text.libgcc   0x0000111e       0x3e c:/winavr-20100110/bin/../lib/gcc/avr/4.3.3/avr4\libgcc.a(_mulsi3.o)
                0x0000111e                __mulsi3
 .text.libgcc   0x0000115c       0x28 c:/winavr-20100110/bin/../lib/gcc/avr/4.3.3/avr4\libgcc.a(_udivmodhi4.o)
                0x0000115c                __udivmodhi4
 .text.libgcc   0x00001184       0x44 c:/winavr-20100110/bin/../lib/gcc/avr/4.3.3/avr4\libgcc.a(_udivmodsi4.o)
                0x00001184                __udivmodsi4
 .text.libgcc   0x000011c8       0x36 c:/winavr-20100110/bin/../lib/gcc/avr/4.3.3/avr4\libgcc.a(_divmodsi4.o)
                0x000011c8                __divmodsi4
 .text.libgcc   0x000011fe        0x0 c:/winavr-20100110/bin/../lib/gcc/avr/4.3.3/avr4\libgcc.a(_exit.o)
 .text.libgcc   0x000011fe        0x0 c:/winavr-20100110/bin/../lib/gcc/avr/4.3.3/avr4\libgcc.a(_copy_data.o)
 .text.libgcc   0x000011fe        0x0 c:/winavr-20100110/bin/../lib/gcc/avr/4.3.3/avr4\libgcc.a(_clear_bss.o)
 .text.avr-libc
                0x000011fe      0x258 c:/winavr-20100110/bin/../lib/gcc/avr/4.3.3/../../../../avr/lib/avr4\libc.a(strtol.o)
                0x000011fe                strtol
 .text.avr-libc
                0x00001456       0x10 c:/winavr-20100110/bin/../lib/gcc/avr/4.3.3/../../../../avr/lib/avr4\libc.a(isspace.o)
                0x00001456                isspace
 .text.avr-libc
                0x00001466       0x16 c:/winavr-20100110/bin/../lib/gcc/avr/4.3.3/../../../../avr/lib/avr4\libc.a(strchr.o)
                0x00001466                strchr
 .text.avr-libc
                0x0000147c        0xe c:/winavr-20100110/bin/../lib/gcc/avr/4.3.3/../../../../avr/lib/avr4\libc.a(strcpy.o)
                0x0000147c                strcpy
 .text.avr-libc
                0x0000148a       0x34 c:/winavr-20100110/bin/../lib/gcc/avr/4.3.3/../../../../avr/lib/avr4\libc.a(strstr.o)
                0x0000148a                strstr
 .text.avr-libc
                0x000014be       0x64 c:/winavr-20100110/bin/../lib/gcc/avr/4.3.3/../../../../avr/lib/avr4\libc.a(ltoa.o)
                0x000014be                ltoa
 .text.avr-libc
                0x00001522        0xa c:/winavr-20100110/bin/../lib/gcc/avr/4.3.3/../../../../avr/lib/avr4\libc.a(eerd_word_atmega8.o)
                0x00001522                __eerd_word_m8
 .text.avr-libc
                0x0000152c        0x6 c:/winavr-20100110/bin/../lib/gcc/avr/4.3.3/../../../../avr/lib/avr4\libc.a(cty_isfalse.o)
                0x00001530                __ctype_istrue
                0x0000152c                __ctype_isfalse
 .text.avr-libc
                0x00001532       0x20 c:/winavr-20100110/bin/../lib/gcc/avr/4.3.3/../../../../avr/lib/avr4\libc.a(strrev.o)
                0x00001532                strrev
 .text.avr-libc
                0x00001552       0x20 c:/winavr-20100110/bin/../lib/gcc/avr/4.3.3/../../../../avr/lib/avr4\libc.a(eerd_block_atmega8.o)
                0x00001556                __eerd_blraw_m8
                0x00001552                __eerd_block_m8
                0x00001572                . = ALIGN (0x2)
 *(.fini9)
 .fini9         0x00001572        0x0 c:/winavr-20100110/bin/../lib/gcc/avr/4.3.3/avr4\libgcc.a(_exit.o)
                0x00001572                exit
                0x00001572                _exit
 *(.fini9)
 *(.fini8)
 *(.fini8)
 *(.fini7)
 *(.fini7)
 *(.fini6)
 *(.fini6)
 *(.fini5)
 *(.fini5)
 *(.fini4)
 *(.fini4)
 *(.fini3)
 *(.fini3)
 *(.fini2)
 *(.fini2)
 *(.fini1)
 *(.fini1)
 *(.fini0)
 .fini0         0x00001572        0x4 c:/winavr-20100110/bin/../lib/gcc/avr/4.3.3/avr4\libgcc.a(_exit.o)
 *(.fini0)
                0x00001576                _etext = .

.data           0x00800060       0x34 load address 0x00001576
                0x00800060                PROVIDE (__data_start, .)
 *(.data)
 .data          0x00800060        0x0 c:/winavr-20100110/bin/../lib/gcc/avr/4.3.3/../../../../avr/lib/avr4/crtm8.o
 .data          0x00800060        0x0 BMP085.o
 .data          0x00800060        0x0 crc8.o
 .data          0x00800060        0x0 i2csoft.o
 .data          0x00800060        0x0 ds18x20.o
 .data          0x00800060        0x0 onewire.o
 .data          0x00800060       0x33 RXModul.o
                0x00800091                ADCMeasDuration
                0x0080008e                BMP085MeasDuration
                0x0080008f                DS18X20MeasDuration
 .data          0x00800093        0x0 UART.o
 .data          0x00800093        0x0 c:/winavr-20100110/bin/../lib/gcc/avr/4.3.3/avr4\libgcc.a(_mulsi3.o)
 .data          0x00800093        0x0 c:/winavr-20100110/bin/../lib/gcc/avr/4.3.3/avr4\libgcc.a(_udivmodhi4.o)
 .data          0x00800093        0x0 c:/winavr-20100110/bin/../lib/gcc/avr/4.3.3/avr4\libgcc.a(_udivmodsi4.o)
 .data          0x00800093        0x0 c:/winavr-20100110/bin/../lib/gcc/avr/4.3.3/avr4\libgcc.a(_divmodsi4.o)
 .data          0x00800093        0x0 c:/winavr-20100110/bin/../lib/gcc/avr/4.3.3/avr4\libgcc.a(_exit.o)
 .data          0x00800093        0x0 c:/winavr-20100110/bin/../lib/gcc/avr/4.3.3/avr4\libgcc.a(_copy_data.o)
 .data          0x00800093        0x0 c:/winavr-20100110/bin/../lib/gcc/avr/4.3.3/avr4\libgcc.a(_clear_bss.o)
 .data          0x00800093        0x0 c:/winavr-20100110/bin/../lib/gcc/avr/4.3.3/../../../../avr/lib/avr4\libc.a(strtol.o)
 .data          0x00800093        0x0 c:/winavr-20100110/bin/../lib/gcc/avr/4.3.3/../../../../avr/lib/avr4\libc.a(isspace.o)
 .data          0x00800093        0x0 c:/winavr-20100110/bin/../lib/gcc/avr/4.3.3/../../../../avr/lib/avr4\libc.a(strchr.o)
 .data          0x00800093        0x0 c:/winavr-20100110/bin/../lib/gcc/avr/4.3.3/../../../../avr/lib/avr4\libc.a(strcpy.o)
 .data          0x00800093        0x0 c:/winavr-20100110/bin/../lib/gcc/avr/4.3.3/../../../../avr/lib/avr4\libc.a(strstr.o)
 .data          0x00800093        0x0 c:/winavr-20100110/bin/../lib/gcc/avr/4.3.3/../../../../avr/lib/avr4\libc.a(ltoa.o)
 .data          0x00800093        0x0 c:/winavr-20100110/bin/../lib/gcc/avr/4.3.3/../../../../avr/lib/avr4\libc.a(eerd_word_atmega8.o)
 .data          0x00800093        0x0 c:/winavr-20100110/bin/../lib/gcc/avr/4.3.3/../../../../avr/lib/avr4\libc.a(errno.o)
 .data          0x00800093        0x0 c:/winavr-20100110/bin/../lib/gcc/avr/4.3.3/../../../../avr/lib/avr4\libc.a(cty_isfalse.o)
 .data          0x00800093        0x0 c:/winavr-20100110/bin/../lib/gcc/avr/4.3.3/../../../../avr/lib/avr4\libc.a(strrev.o)
 .data          0x00800093        0x0 c:/winavr-20100110/bin/../lib/gcc/avr/4.3.3/../../../../avr/lib/avr4\libc.a(eerd_block_atmega8.o)
 *(.data*)
 *(.rodata)
 *(.rodata*)
 *(.gnu.linkonce.d*)
                0x00800094                . = ALIGN (0x2)
 *fill*         0x00800093        0x1 00
                0x00800094                _edata = .
                0x00800094                PROVIDE (__data_end, .)

.bss            0x00800094      0x181
                0x00800094                PROVIDE (__bss_start, .)
 *(.bss)
 .bss           0x00800094        0x0 c:/winavr-20100110/bin/../lib/gcc/avr/4.3.3/../../../../avr/lib/avr4/crtm8.o
 .bss           0x00800094       0x16 BMP085.o
 .bss           0x008000aa        0x0 crc8.o
 .bss           0x008000aa        0x0 i2csoft.o
 .bss           0x008000aa        0x0 ds18x20.o
 .bss           0x008000aa        0x0 onewire.o
 .bss           0x008000aa       0x5b RXModul.o
                0x008000ab                millisFromLastGPS
                0x008000aa                readyToSendGPSData
                0x008000b3                startDS18X20
                0x008000af                startBMP085
                0x008000b7                startADC
 .bss           0x00800105        0x0 UART.o
 .bss           0x00800105        0x0 c:/winavr-20100110/bin/../lib/gcc/avr/4.3.3/avr4\libgcc.a(_mulsi3.o)
 .bss           0x00800105        0x0 c:/winavr-20100110/bin/../lib/gcc/avr/4.3.3/avr4\libgcc.a(_udivmodhi4.o)
 .bss           0x00800105        0x0 c:/winavr-20100110/bin/../lib/gcc/avr/4.3.3/avr4\libgcc.a(_udivmodsi4.o)
 .bss           0x00800105        0x0 c:/winavr-20100110/bin/../lib/gcc/avr/4.3.3/avr4\libgcc.a(_divmodsi4.o)
 .bss           0x00800105        0x0 c:/winavr-20100110/bin/../lib/gcc/avr/4.3.3/avr4\libgcc.a(_exit.o)
 .bss           0x00800105        0x0 c:/winavr-20100110/bin/../lib/gcc/avr/4.3.3/avr4\libgcc.a(_copy_data.o)
 .bss           0x00800105        0x0 c:/winavr-20100110/bin/../lib/gcc/avr/4.3.3/avr4\libgcc.a(_clear_bss.o)
 .bss           0x00800105        0x0 c:/winavr-20100110/bin/../lib/gcc/avr/4.3.3/../../../../avr/lib/avr4\libc.a(strtol.o)
 .bss           0x00800105        0x0 c:/winavr-20100110/bin/../lib/gcc/avr/4.3.3/../../../../avr/lib/avr4\libc.a(isspace.o)
 .bss           0x00800105        0x0 c:/winavr-20100110/bin/../lib/gcc/avr/4.3.3/../../../../avr/lib/avr4\libc.a(strchr.o)
 .bss           0x00800105        0x0 c:/winavr-20100110/bin/../lib/gcc/avr/4.3.3/../../../../avr/lib/avr4\libc.a(strcpy.o)
 .bss           0x00800105        0x0 c:/winavr-20100110/bin/../lib/gcc/avr/4.3.3/../../../../avr/lib/avr4\libc.a(strstr.o)
 .bss           0x00800105        0x0 c:/winavr-20100110/bin/../lib/gcc/avr/4.3.3/../../../../avr/lib/avr4\libc.a(ltoa.o)
 .bss           0x00800105        0x0 c:/winavr-20100110/bin/../lib/gcc/avr/4.3.3/../../../../avr/lib/avr4\libc.a(eerd_word_atmega8.o)
 .bss           0x00800105        0x0 c:/winavr-20100110/bin/../lib/gcc/avr/4.3.3/../../../../avr/lib/avr4\libc.a(errno.o)
 .bss           0x00800105        0x0 c:/winavr-20100110/bin/../lib/gcc/avr/4.3.3/../../../../avr/lib/avr4\libc.a(cty_isfalse.o)
 .bss           0x00800105        0x0 c:/winavr-20100110/bin/../lib/gcc/avr/4.3.3/../../../../avr/lib/avr4\libc.a(strrev.o)
 .bss           0x00800105        0x0 c:/winavr-20100110/bin/../lib/gcc/avr/4.3.3/../../../../avr/lib/avr4\libc.a(eerd_block_atmega8.o)
 *(.bss*)
 *(COMMON)
 COMMON         0x00800105      0x10e RXModul.o
                0x00800105                buffer
                0x0080015f                bufferGGA
                0x008001b9                bufferRMC
 COMMON         0x00800213        0x2 c:/winavr-20100110/bin/../lib/gcc/avr/4.3.3/../../../../avr/lib/avr4\libc.a(errno.o)
                0x00800213                errno
                0x00800215                PROVIDE (__bss_end, .)
                0x00001576                __data_load_start = LOADADDR (.data)
                0x000015aa                __data_load_end = (__data_load_start + SIZEOF (.data))

.noinit         0x00800215        0x0
                0x00800215                PROVIDE (__noinit_start, .)
 *(.noinit*)
                0x00800215                PROVIDE (__noinit_end, .)
                0x00800215                _end = .
                0x00800215                PROVIDE (__heap_start, .)

.eeprom         0x00810000        0xe
 *(.eeprom*)
 .eeprom        0x00810000        0xe RXModul.o
                0x0081000e                __eeprom_end = .

.fuse
 *(.fuse)
 *(.lfuse)
 *(.hfuse)
 *(.efuse)

.lock
 *(.lock*)

.signature
 *(.signature*)

.stab
 *(.stab)

.stabstr
 *(.stabstr)

.stab.excl
 *(.stab.excl)

.stab.exclstr
 *(.stab.exclstr)

.stab.index
 *(.stab.index)

.stab.indexstr
 *(.stab.indexstr)

.comment
 *(.comment)

.debug
 *(.debug)

.line
 *(.line)

.debug_srcinfo
 *(.debug_srcinfo)

.debug_sfnames
 *(.debug_sfnames)

.debug_aranges  0x00000000       0xe0
 *(.debug_aranges)
 .debug_aranges
                0x00000000       0x20 BMP085.o
 .debug_aranges
                0x00000020       0x20 crc8.o
 .debug_aranges
                0x00000040       0x20 i2csoft.o
 .debug_aranges
                0x00000060       0x20 ds18x20.o
 .debug_aranges
                0x00000080       0x20 onewire.o
 .debug_aranges
                0x000000a0       0x20 RXModul.o
 .debug_aranges
                0x000000c0       0x20 UART.o

.debug_pubnames
                0x00000000      0x3ec
 *(.debug_pubnames)
 .debug_pubnames
                0x00000000       0x85 BMP085.o
 .debug_pubnames
                0x00000085       0x1b crc8.o
 .debug_pubnames
                0x000000a0       0x6c i2csoft.o
 .debug_pubnames
                0x0000010c       0x5e ds18x20.o
 .debug_pubnames
                0x0000016a       0xfa onewire.o
 .debug_pubnames
                0x00000264      0x12a RXModul.o
 .debug_pubnames
                0x0000038e       0x5e UART.o

.debug_info     0x00000000     0x18a5
 *(.debug_info)
 .debug_info    0x00000000      0x3f2 BMP085.o
 .debug_info    0x000003f2       0xfe crc8.o
 .debug_info    0x000004f0      0x350 i2csoft.o
 .debug_info    0x00000840      0x298 ds18x20.o
 .debug_info    0x00000ad8      0x645 onewire.o
 .debug_info    0x0000111d      0x5c6 RXModul.o
 .debug_info    0x000016e3      0x1c2 UART.o
 *(.gnu.linkonce.wi.*)

.debug_abbrev   0x00000000      0xa65
 *(.debug_abbrev)
 .debug_abbrev  0x00000000      0x155 BMP085.o
 .debug_abbrev  0x00000155       0xa4 crc8.o
 .debug_abbrev  0x000001f9      0x137 i2csoft.o
 .debug_abbrev  0x00000330      0x14a ds18x20.o
 .debug_abbrev  0x0000047a      0x24d onewire.o
 .debug_abbrev  0x000006c7      0x266 RXModul.o
 .debug_abbrev  0x0000092d      0x138 UART.o

.debug_line     0x00000000     0x1337
 *(.debug_line)
 .debug_line    0x00000000      0x2af BMP085.o
 .debug_line    0x000002af      0x100 crc8.o
 .debug_line    0x000003af      0x360 i2csoft.o
 .debug_line    0x0000070f      0x1c3 ds18x20.o
 .debug_line    0x000008d2      0x47e onewire.o
 .debug_line    0x00000d50      0x47d RXModul.o
 .debug_line    0x000011cd      0x16a UART.o

.debug_frame    0x00000000      0x320
 *(.debug_frame)
 .debug_frame   0x00000000       0x90 BMP085.o
 .debug_frame   0x00000090       0x20 crc8.o
 .debug_frame   0x000000b0       0x60 i2csoft.o
 .debug_frame   0x00000110       0x40 ds18x20.o
 .debug_frame   0x00000150       0xe0 onewire.o
 .debug_frame   0x00000230       0x80 RXModul.o
 .debug_frame   0x000002b0       0x70 UART.o

.debug_str      0x00000000      0x627
 *(.debug_str)
 .debug_str     0x00000000      0x16b BMP085.o
                                0x1b4 (size before relaxing)
 .debug_str     0x0000016b       0x4d crc8.o
                                0x10b (size before relaxing)
 .debug_str     0x000001b8       0x6b i2csoft.o
                                0x129 (size before relaxing)
 .debug_str     0x00000223       0xae ds18x20.o
                                0x180 (size before relaxing)
 .debug_str     0x000002d1      0x162 onewire.o
                                0x253 (size before relaxing)
 .debug_str     0x00000433      0x1a5 RXModul.o
                                0x288 (size before relaxing)
 .debug_str     0x000005d8       0x4f UART.o
                                0x111 (size before relaxing)

.debug_loc      0x00000000      0x9c4
 *(.debug_loc)
 .debug_loc     0x00000000      0x1af BMP085.o
 .debug_loc     0x000001af       0x46 crc8.o
 .debug_loc     0x000001f5      0x181 i2csoft.o
 .debug_loc     0x00000376      0x206 ds18x20.o
 .debug_loc     0x0000057c      0x2d3 onewire.o
 .debug_loc     0x0000084f      0x121 RXModul.o
 .debug_loc     0x00000970       0x54 UART.o

.debug_macinfo
 *(.debug_macinfo)
OUTPUT(RXModul.elf elf32-avr)
LOAD linker stubs

.debug_ranges   0x00000000       0xf8
 .debug_ranges  0x00000000       0x48 BMP085.o
 .debug_ranges  0x00000048       0x48 i2csoft.o
 .debug_ranges  0x00000090       0x50 ds18x20.o
 .debug_ranges  0x000000e0       0x18 onewire.o
