Archive member included because of file (symbol)

c:/winavr-20100110/bin/../lib/gcc/avr/4.3.3/avr4\libgcc.a(_mulsi3.o)
                              DBox.o (__mulsi3)
c:/winavr-20100110/bin/../lib/gcc/avr/4.3.3/avr4\libgcc.a(_udivmodqi4.o)
                              DBox.o (__udivmodqi4)
c:/winavr-20100110/bin/../lib/gcc/avr/4.3.3/avr4\libgcc.a(_udivmodhi4.o)
                              DBox.o (__udivmodhi4)
c:/winavr-20100110/bin/../lib/gcc/avr/4.3.3/avr4\libgcc.a(_divmodhi4.o)
                              DBox.o (__divmodhi4)
c:/winavr-20100110/bin/../lib/gcc/avr/4.3.3/avr4\libgcc.a(_udivmodsi4.o)
                              DBox.o (__udivmodsi4)
c:/winavr-20100110/bin/../lib/gcc/avr/4.3.3/avr4\libgcc.a(_exit.o)
                              c:/winavr-20100110/bin/../lib/gcc/avr/4.3.3/../../../../avr/lib/avr4/crtm8.o (exit)
c:/winavr-20100110/bin/../lib/gcc/avr/4.3.3/avr4\libgcc.a(_copy_data.o)
                              DBox.o (__do_copy_data)
c:/winavr-20100110/bin/../lib/gcc/avr/4.3.3/avr4\libgcc.a(_clear_bss.o)
                              DBox.o (__do_clear_bss)
c:/winavr-20100110/bin/../lib/gcc/avr/4.3.3/../../../../avr/lib/avr4\libc.a(strchr.o)
                              lcd.o (strchr)
c:/winavr-20100110/bin/../lib/gcc/avr/4.3.3/../../../../avr/lib/avr4\libc.a(itoa.o)
                              lcd.o (itoa)
c:/winavr-20100110/bin/../lib/gcc/avr/4.3.3/../../../../avr/lib/avr4\libc.a(eerd_byte_atmega8.o)
                              lcd.o (__eerd_byte_m8)
c:/winavr-20100110/bin/../lib/gcc/avr/4.3.3/../../../../avr/lib/avr4\libc.a(strrev.o)
                              c:/winavr-20100110/bin/../lib/gcc/avr/4.3.3/../../../../avr/lib/avr4\libc.a(itoa.o) (strrev)

Allocating common symbols
Common symbol       size              file

gps                 0xd               DBox.o
UARTbuffU           0xf               DBox.o
menuRozsah          0x28              DBox.o
cas                 0x2               DBox.o
datum               0x2               DBox.o
ID                  0x2               DBox.o
menuIndex           0x2               DBox.o
menuFce             0x14              DBox.o
teplota             0x4               DBox.o
koef                0x6               DBox.o
UARTbuffB           0x3               DBox.o
pocetZnaku          0x1               DBox.o
pf                  0x14              DBox.o
napeti              0x6               DBox.o
beepMaska           0x8               DBox.o

Memory Configuration

Name             Origin             Length             Attributes
text             0x00000000         0x00002000         xr
data             0x00800060         0x0000ffa0         rw !x
eeprom           0x00810000         0x00010000         rw !x
fuse             0x00820000         0x00000400         rw !x
lock             0x00830000         0x00000400         rw !x
signature        0x00840000         0x00000400         rw !x
*default*        0x00000000         0xffffffff

Linker script and memory map

LOAD c:/winavr-20100110/bin/../lib/gcc/avr/4.3.3/../../../../avr/lib/avr4/crtm8.o
LOAD delay.o
LOAD DBox.o
LOAD menu.o
LOAD lcd.o
LOAD UART.o
LOAD c:/winavr-20100110/bin/../lib/gcc/avr/4.3.3/avr4\libgcc.a
LOAD c:/winavr-20100110/bin/../lib/gcc/avr/4.3.3/../../../../avr/lib/avr4\libc.a
LOAD c:/winavr-20100110/bin/../lib/gcc/avr/4.3.3/avr4\libgcc.a

.hash
 *(.hash)

.dynsym
 *(.dynsym)

.dynstr
 *(.dynstr)

.gnu.version
 *(.gnu.version)

.gnu.version_d
 *(.gnu.version_d)

.gnu.version_r
 *(.gnu.version_r)

.rel.init
 *(.rel.init)

.rela.init
 *(.rela.init)

.rel.text
 *(.rel.text)
 *(.rel.text.*)
 *(.rel.gnu.linkonce.t*)

.rela.text
 *(.rela.text)
 *(.rela.text.*)
 *(.rela.gnu.linkonce.t*)

.rel.fini
 *(.rel.fini)

.rela.fini
 *(.rela.fini)

.rel.rodata
 *(.rel.rodata)
 *(.rel.rodata.*)
 *(.rel.gnu.linkonce.r*)

.rela.rodata
 *(.rela.rodata)
 *(.rela.rodata.*)
 *(.rela.gnu.linkonce.r*)

.rel.data
 *(.rel.data)
 *(.rel.data.*)
 *(.rel.gnu.linkonce.d*)

.rela.data
 *(.rela.data)
 *(.rela.data.*)
 *(.rela.gnu.linkonce.d*)

.rel.ctors
 *(.rel.ctors)

.rela.ctors
 *(.rela.ctors)

.rel.dtors
 *(.rel.dtors)

.rela.dtors
 *(.rela.dtors)

.rel.got
 *(.rel.got)

.rela.got
 *(.rela.got)

.rel.bss
 *(.rel.bss)

.rela.bss
 *(.rela.bss)

.rel.plt
 *(.rel.plt)

.rela.plt
 *(.rela.plt)

.text           0x00000000     0x1936
 *(.vectors)
 .vectors       0x00000000       0x26 c:/winavr-20100110/bin/../lib/gcc/avr/4.3.3/../../../../avr/lib/avr4/crtm8.o
                0x00000000                __vectors
                0x00000000                __vector_default
 *(.vectors)
 *(.progmem.gcc*)
 .progmem.gcc_sw_table
                0x00000026       0x18 DBox.o
 *(.progmem*)
                0x0000003e                . = ALIGN (0x2)
                0x0000003e                __trampolines_start = .
 *(.trampolines)
 .trampolines   0x0000003e        0x0 linker stubs
 *(.trampolines*)
                0x0000003e                __trampolines_end = .
 *(.jumptables)
 *(.jumptables*)
 *(.lowtext)
 *(.lowtext*)
                0x0000003e                __ctors_start = .
 *(.ctors)
                0x0000003e                __ctors_end = .
                0x0000003e                __dtors_start = .
 *(.dtors)
                0x0000003e                __dtors_end = .
 SORT(*)(.ctors)
 SORT(*)(.dtors)
 *(.init0)
 .init0         0x0000003e        0x0 c:/winavr-20100110/bin/../lib/gcc/avr/4.3.3/../../../../avr/lib/avr4/crtm8.o
                0x0000003e                __init
 *(.init0)
 *(.init1)
 *(.init1)
 *(.init2)
 .init2         0x0000003e        0xc c:/winavr-20100110/bin/../lib/gcc/avr/4.3.3/../../../../avr/lib/avr4/crtm8.o
 *(.init2)
 *(.init3)
 *(.init3)
 *(.init4)
 .init4         0x0000004a       0x16 c:/winavr-20100110/bin/../lib/gcc/avr/4.3.3/avr4\libgcc.a(_copy_data.o)
                0x0000004a                __do_copy_data
 .init4         0x00000060       0x10 c:/winavr-20100110/bin/../lib/gcc/avr/4.3.3/avr4\libgcc.a(_clear_bss.o)
                0x00000060                __do_clear_bss
 *(.init4)
 *(.init5)
 *(.init5)
 *(.init6)
 *(.init6)
 *(.init7)
 *(.init7)
 *(.init8)
 *(.init8)
 *(.init9)
 .init9         0x00000070        0x4 c:/winavr-20100110/bin/../lib/gcc/avr/4.3.3/../../../../avr/lib/avr4/crtm8.o
 *(.init9)
 *(.text)
 .text          0x00000074        0x2 c:/winavr-20100110/bin/../lib/gcc/avr/4.3.3/../../../../avr/lib/avr4/crtm8.o
                0x00000074                __vector_1
                0x00000074                __vector_12
                0x00000074                __bad_interrupt
                0x00000074                __vector_3
                0x00000074                __vector_13
                0x00000074                __vector_17
                0x00000074                __vector_7
                0x00000074                __vector_5
                0x00000074                __vector_4
                0x00000074                __vector_9
                0x00000074                __vector_2
                0x00000074                __vector_15
                0x00000074                __vector_8
                0x00000074                __vector_14
                0x00000074                __vector_10
                0x00000074                __vector_16
                0x00000074                __vector_18
 .text          0x00000076       0x1a delay.o
                0x00000076                delayloop32
 .text          0x00000090     0x11d8 DBox.o
                0x00000428                setID
                0x00000db6                zobrazTemp
                0x000000fa                unpackDate
                0x00000f1c                zobrazGPSLatLon
                0x00000138                setGPS
                0x00000a28                setAlarmNapetiClanku
                0x0000107a                __vector_6
                0x00000858                zobrazCas
                0x00000e46                zobrazGPS
                0x000005a0                testPriznak7D
                0x00000090                readBuffer
                0x000005ca                nuluj
                0x00000cea                showNapetiBaterie
                0x0000044a                setNapeti
                0x000006e6                __vector_11
                0x000000ba                unpackTime
                0x0000046e                zpracujFrontu
                0x00001194                init
                0x000003d2                setKoef
                0x00000986                setAlarmNapetiBaterie
                0x00001262                main
                0x00000d4a                zobrazNapetiClanku
                0x0000094c                showNapetiClanek
                0x000006b2                beepInit
                0x00000aca                zobrazDatumCas
                0x0000065c                beep
                0x00000b04                zobrazMaxima
                0x00000b92                zobrazBT
                0x000003f2                setTeplota
 .text          0x00001268      0x1a0 menu.o
                0x000012c6                zpracuj
                0x000012a8                menuInit
                0x00001268                setVar
                0x0000129e                getMenuIndex
 .text          0x00001408      0x31a lcd.o
                0x00001658                lcd_cislo
                0x0000145c                lcd_ftext
                0x0000142a                write
                0x000014a4                lcd_byt
                0x00001538                vlastniZnaky
                0x00001456                lcd_c
                0x000014f2                smazDisp
                0x00001618                lcd_i
                0x00001598                init_lcd
                0x00001480                lcd_text
                0x00001408                len
                0x000015f4                lcd_etext
                0x000014ec                lcd_instr
 .text          0x00001722       0xa4 UART.o
                0x00001760                u_puts
                0x0000173e                u_fputs
                0x00001722                init_uart
                0x00001736                u_putc
                0x00001792                u_puti
                0x00001730                u_change_baud
                0x00001758                u_getc
 .text          0x000017c6        0x0 c:/winavr-20100110/bin/../lib/gcc/avr/4.3.3/avr4\libgcc.a(_mulsi3.o)
 .text          0x000017c6        0x0 c:/winavr-20100110/bin/../lib/gcc/avr/4.3.3/avr4\libgcc.a(_udivmodqi4.o)
 .text          0x000017c6        0x0 c:/winavr-20100110/bin/../lib/gcc/avr/4.3.3/avr4\libgcc.a(_udivmodhi4.o)
 .text          0x000017c6        0x0 c:/winavr-20100110/bin/../lib/gcc/avr/4.3.3/avr4\libgcc.a(_divmodhi4.o)
 .text          0x000017c6        0x0 c:/winavr-20100110/bin/../lib/gcc/avr/4.3.3/avr4\libgcc.a(_udivmodsi4.o)
 .text          0x000017c6        0x0 c:/winavr-20100110/bin/../lib/gcc/avr/4.3.3/avr4\libgcc.a(_exit.o)
 .text          0x000017c6        0x0 c:/winavr-20100110/bin/../lib/gcc/avr/4.3.3/avr4\libgcc.a(_copy_data.o)
 .text          0x000017c6        0x0 c:/winavr-20100110/bin/../lib/gcc/avr/4.3.3/avr4\libgcc.a(_clear_bss.o)
 .text          0x000017c6        0x0 c:/winavr-20100110/bin/../lib/gcc/avr/4.3.3/../../../../avr/lib/avr4\libc.a(strchr.o)
 .text          0x000017c6        0x0 c:/winavr-20100110/bin/../lib/gcc/avr/4.3.3/../../../../avr/lib/avr4\libc.a(itoa.o)
 .text          0x000017c6        0x0 c:/winavr-20100110/bin/../lib/gcc/avr/4.3.3/../../../../avr/lib/avr4\libc.a(eerd_byte_atmega8.o)
 .text          0x000017c6        0x0 c:/winavr-20100110/bin/../lib/gcc/avr/4.3.3/../../../../avr/lib/avr4\libc.a(strrev.o)
                0x000017c6                . = ALIGN (0x2)
 *(.text.*)
 .text.libgcc   0x000017c6       0x3e c:/winavr-20100110/bin/../lib/gcc/avr/4.3.3/avr4\libgcc.a(_mulsi3.o)
                0x000017c6                __mulsi3
 .text.libgcc   0x00001804       0x18 c:/winavr-20100110/bin/../lib/gcc/avr/4.3.3/avr4\libgcc.a(_udivmodqi4.o)
                0x00001804                __udivmodqi4
 .text.libgcc   0x0000181c       0x28 c:/winavr-20100110/bin/../lib/gcc/avr/4.3.3/avr4\libgcc.a(_udivmodhi4.o)
                0x0000181c                __udivmodhi4
 .text.libgcc   0x00001844       0x26 c:/winavr-20100110/bin/../lib/gcc/avr/4.3.3/avr4\libgcc.a(_divmodhi4.o)
                0x00001844                __divmodhi4
                0x00001844                _div
 .text.libgcc   0x0000186a       0x44 c:/winavr-20100110/bin/../lib/gcc/avr/4.3.3/avr4\libgcc.a(_udivmodsi4.o)
                0x0000186a                __udivmodsi4
 .text.libgcc   0x000018ae        0x0 c:/winavr-20100110/bin/../lib/gcc/avr/4.3.3/avr4\libgcc.a(_exit.o)
 .text.libgcc   0x000018ae        0x0 c:/winavr-20100110/bin/../lib/gcc/avr/4.3.3/avr4\libgcc.a(_copy_data.o)
 .text.libgcc   0x000018ae        0x0 c:/winavr-20100110/bin/../lib/gcc/avr/4.3.3/avr4\libgcc.a(_clear_bss.o)
 .text.avr-libc
                0x000018ae       0x16 c:/winavr-20100110/bin/../lib/gcc/avr/4.3.3/../../../../avr/lib/avr4\libc.a(strchr.o)
                0x000018ae                strchr
 .text.avr-libc
                0x000018c4       0x3e c:/winavr-20100110/bin/../lib/gcc/avr/4.3.3/../../../../avr/lib/avr4\libc.a(itoa.o)
                0x000018c4                itoa
 .text.avr-libc
                0x00001902       0x10 c:/winavr-20100110/bin/../lib/gcc/avr/4.3.3/../../../../avr/lib/avr4\libc.a(eerd_byte_atmega8.o)
                0x00001902                __eerd_byte_m8
 .text.avr-libc
                0x00001912       0x20 c:/winavr-20100110/bin/../lib/gcc/avr/4.3.3/../../../../avr/lib/avr4\libc.a(strrev.o)
                0x00001912                strrev
                0x00001932                . = ALIGN (0x2)
 *(.fini9)
 .fini9         0x00001932        0x0 c:/winavr-20100110/bin/../lib/gcc/avr/4.3.3/avr4\libgcc.a(_exit.o)
                0x00001932                exit
                0x00001932                _exit
 *(.fini9)
 *(.fini8)
 *(.fini8)
 *(.fini7)
 *(.fini7)
 *(.fini6)
 *(.fini6)
 *(.fini5)
 *(.fini5)
 *(.fini4)
 *(.fini4)
 *(.fini3)
 *(.fini3)
 *(.fini2)
 *(.fini2)
 *(.fini1)
 *(.fini1)
 *(.fini0)
 .fini0         0x00001932        0x4 c:/winavr-20100110/bin/../lib/gcc/avr/4.3.3/avr4\libgcc.a(_exit.o)
 *(.fini0)
                0x00001936                _etext = .

.data           0x00800060       0xec load address 0x00001936
                0x00800060                PROVIDE (__data_start, .)
 *(.data)
 .data          0x00800060        0x0 c:/winavr-20100110/bin/../lib/gcc/avr/4.3.3/../../../../avr/lib/avr4/crtm8.o
 .data          0x00800060        0x0 delay.o
 .data          0x00800060       0xb3 DBox.o
                0x008000e3                delky
                0x00800111                delkaUARTbuffU
                0x00800112                pocetClanku
 .data          0x00800113        0x0 menu.o
 .data          0x00800113       0x38 lcd.o
 .data          0x0080014b        0x0 UART.o
 .data          0x0080014b        0x0 c:/winavr-20100110/bin/../lib/gcc/avr/4.3.3/avr4\libgcc.a(_mulsi3.o)
 .data          0x0080014b        0x0 c:/winavr-20100110/bin/../lib/gcc/avr/4.3.3/avr4\libgcc.a(_udivmodqi4.o)
 .data          0x0080014b        0x0 c:/winavr-20100110/bin/../lib/gcc/avr/4.3.3/avr4\libgcc.a(_udivmodhi4.o)
 .data          0x0080014b        0x0 c:/winavr-20100110/bin/../lib/gcc/avr/4.3.3/avr4\libgcc.a(_divmodhi4.o)
 .data          0x0080014b        0x0 c:/winavr-20100110/bin/../lib/gcc/avr/4.3.3/avr4\libgcc.a(_udivmodsi4.o)
 .data          0x0080014b        0x0 c:/winavr-20100110/bin/../lib/gcc/avr/4.3.3/avr4\libgcc.a(_exit.o)
 .data          0x0080014b        0x0 c:/winavr-20100110/bin/../lib/gcc/avr/4.3.3/avr4\libgcc.a(_copy_data.o)
 .data          0x0080014b        0x0 c:/winavr-20100110/bin/../lib/gcc/avr/4.3.3/avr4\libgcc.a(_clear_bss.o)
 .data          0x0080014b        0x0 c:/winavr-20100110/bin/../lib/gcc/avr/4.3.3/../../../../avr/lib/avr4\libc.a(strchr.o)
 .data          0x0080014b        0x0 c:/winavr-20100110/bin/../lib/gcc/avr/4.3.3/../../../../avr/lib/avr4\libc.a(itoa.o)
 .data          0x0080014b        0x0 c:/winavr-20100110/bin/../lib/gcc/avr/4.3.3/../../../../avr/lib/avr4\libc.a(eerd_byte_atmega8.o)
 .data          0x0080014b        0x0 c:/winavr-20100110/bin/../lib/gcc/avr/4.3.3/../../../../avr/lib/avr4\libc.a(strrev.o)
 *(.data*)
 *(.rodata)
 *(.rodata*)
 *(.gnu.linkonce.d*)
                0x0080014c                . = ALIGN (0x2)
 *fill*         0x0080014b        0x1 00
                0x0080014c                _edata = .
                0x0080014c                PROVIDE (__data_end, .)

.bss            0x0080014c       0xac
                0x0080014c                PROVIDE (__bss_start, .)
 *(.bss)
 .bss           0x0080014c        0x0 c:/winavr-20100110/bin/../lib/gcc/avr/4.3.3/../../../../avr/lib/avr4/crtm8.o
 .bss           0x0080014c        0x0 delay.o
 .bss           0x0080014c       0x1a DBox.o
                0x00800156                readBytes
                0x00800164                beepCitac
                0x0080015d                alarmTypNapetiClanek
                0x00800154                pocetBloku
                0x00800152                delkaBloku
                0x0080015a                RSSI
                0x00800163                flagBeep
                0x00800161                alarmTypNapetiBaterie
                0x0080015f                alarmNapetiBaterie
                0x0080014c                citac
                0x00800153                tt
                0x00800150                priznakPrenosu
                0x00800165                predchoziZnak
                0x0080014d                pozice
                0x00800159                AD2
                0x0080014f                poziceBufferU
                0x00800151                priznak7D
                0x00800158                AD1
                0x0080014e                poziceBufferB
                0x0080015b                alarmNapetiClanek
 .bss           0x00800166        0x2 menu.o
                0x00800167                lastKey
                0x00800166                citacOpak
 .bss           0x00800168        0x0 lcd.o
 .bss           0x00800168        0x0 UART.o
 .bss           0x00800168        0x0 c:/winavr-20100110/bin/../lib/gcc/avr/4.3.3/avr4\libgcc.a(_mulsi3.o)
 .bss           0x00800168        0x0 c:/winavr-20100110/bin/../lib/gcc/avr/4.3.3/avr4\libgcc.a(_udivmodqi4.o)
 .bss           0x00800168        0x0 c:/winavr-20100110/bin/../lib/gcc/avr/4.3.3/avr4\libgcc.a(_udivmodhi4.o)
 .bss           0x00800168        0x0 c:/winavr-20100110/bin/../lib/gcc/avr/4.3.3/avr4\libgcc.a(_divmodhi4.o)
 .bss           0x00800168        0x0 c:/winavr-20100110/bin/../lib/gcc/avr/4.3.3/avr4\libgcc.a(_udivmodsi4.o)
 .bss           0x00800168        0x0 c:/winavr-20100110/bin/../lib/gcc/avr/4.3.3/avr4\libgcc.a(_exit.o)
 .bss           0x00800168        0x0 c:/winavr-20100110/bin/../lib/gcc/avr/4.3.3/avr4\libgcc.a(_copy_data.o)
 .bss           0x00800168        0x0 c:/winavr-20100110/bin/../lib/gcc/avr/4.3.3/avr4\libgcc.a(_clear_bss.o)
 .bss           0x00800168        0x0 c:/winavr-20100110/bin/../lib/gcc/avr/4.3.3/../../../../avr/lib/avr4\libc.a(strchr.o)
 .bss           0x00800168        0x0 c:/winavr-20100110/bin/../lib/gcc/avr/4.3.3/../../../../avr/lib/avr4\libc.a(itoa.o)
 .bss           0x00800168        0x0 c:/winavr-20100110/bin/../lib/gcc/avr/4.3.3/../../../../avr/lib/avr4\libc.a(eerd_byte_atmega8.o)
 .bss           0x00800168        0x0 c:/winavr-20100110/bin/../lib/gcc/avr/4.3.3/../../../../avr/lib/avr4\libc.a(strrev.o)
 *(.bss*)
 *(COMMON)
 COMMON         0x00800168       0x90 DBox.o
                0x00800168                gps
                0x00800175                UARTbuffU
                0x00800184                menuRozsah
                0x008001ac                cas
                0x008001ae                datum
                0x008001b0                ID
                0x008001b2                menuIndex
                0x008001b4                menuFce
                0x008001c8                teplota
                0x008001cc                koef
                0x008001d2                UARTbuffB
                0x008001d5                pocetZnaku
                0x008001d6                pf
                0x008001ea                napeti
                0x008001f0                beepMaska
                0x008001f8                PROVIDE (__bss_end, .)
                0x00001936                __data_load_start = LOADADDR (.data)
                0x00001a22                __data_load_end = (__data_load_start + SIZEOF (.data))

.noinit         0x008001f8        0x0
                0x008001f8                PROVIDE (__noinit_start, .)
 *(.noinit*)
                0x008001f8                PROVIDE (__noinit_end, .)
                0x008001f8                _end = .
                0x008001f8                PROVIDE (__heap_start, .)

.eeprom         0x00810000        0x0
 *(.eeprom*)
                0x00810000                __eeprom_end = .

.fuse
 *(.fuse)
 *(.lfuse)
 *(.hfuse)
 *(.efuse)

.lock
 *(.lock*)

.signature
 *(.signature*)

.stab
 *(.stab)

.stabstr
 *(.stabstr)

.stab.excl
 *(.stab.excl)

.stab.exclstr
 *(.stab.exclstr)

.stab.index
 *(.stab.index)

.stab.indexstr
 *(.stab.indexstr)

.comment
 *(.comment)

.debug
 *(.debug)

.line
 *(.line)

.debug_srcinfo
 *(.debug_srcinfo)

.debug_sfnames
 *(.debug_sfnames)

.debug_aranges  0x00000000       0xa0
 *(.debug_aranges)
 .debug_aranges
                0x00000000       0x20 delay.o
 .debug_aranges
                0x00000020       0x20 DBox.o
 .debug_aranges
                0x00000040       0x20 menu.o
 .debug_aranges
                0x00000060       0x20 lcd.o
 .debug_aranges
                0x00000080       0x20 UART.o

.debug_pubnames
                0x00000000      0x5b2
 *(.debug_pubnames)
 .debug_pubnames
                0x00000000       0x22 delay.o
 .debug_pubnames
                0x00000022      0x3e1 DBox.o
 .debug_pubnames
                0x00000403       0x91 menu.o
 .debug_pubnames
                0x00000494       0xb4 lcd.o
 .debug_pubnames
                0x00000548       0x6a UART.o

.debug_info     0x00000000     0x1600
 *(.debug_info)
 .debug_info    0x00000000       0x8d delay.o
 .debug_info    0x0000008d      0xc40 DBox.o
 .debug_info    0x00000ccd      0x1ec menu.o
 .debug_info    0x00000eb9      0x4f4 lcd.o
 .debug_info    0x000013ad      0x253 UART.o
 *(.gnu.linkonce.wi.*)

.debug_abbrev   0x00000000      0x71e
 *(.debug_abbrev)
 .debug_abbrev  0x00000000       0x5b delay.o
 .debug_abbrev  0x0000005b      0x2b1 DBox.o
 .debug_abbrev  0x0000030c      0x11d menu.o
 .debug_abbrev  0x00000429      0x196 lcd.o
 .debug_abbrev  0x000005bf      0x15f UART.o

.debug_line     0x00000000     0x162d
 *(.debug_line)
 .debug_line    0x00000000       0x9d delay.o
 .debug_line    0x0000009d      0xdf8 DBox.o
 .debug_line    0x00000e95      0x1e3 menu.o
 .debug_line    0x00001078      0x403 lcd.o
 .debug_line    0x0000147b      0x1b2 UART.o

.debug_frame    0x00000000      0x3b0
 *(.debug_frame)
 .debug_frame   0x00000000       0x20 delay.o
 .debug_frame   0x00000020      0x1e0 DBox.o
 .debug_frame   0x00000200       0x50 menu.o
 .debug_frame   0x00000250       0xe0 lcd.o
 .debug_frame   0x00000330       0x80 UART.o

.debug_str      0x00000000      0x517
 *(.debug_str)
 .debug_str     0x00000000       0x97 delay.o
                                 0xcb (size before relaxing)
 .debug_str     0x00000097      0x32d DBox.o
                                0x3f1 (size before relaxing)
 .debug_str     0x000003c4       0x50 menu.o
                                0x123 (size before relaxing)
 .debug_str     0x00000414       0xb3 lcd.o
                                0x187 (size before relaxing)
 .debug_str     0x000004c7       0x50 UART.o
                                0x12e (size before relaxing)

.debug_loc      0x00000000      0x922
 *(.debug_loc)
 .debug_loc     0x00000000       0x34 delay.o
 .debug_loc     0x00000034      0x384 DBox.o
 .debug_loc     0x000003b8       0x5c menu.o
 .debug_loc     0x00000414      0x475 lcd.o
 .debug_loc     0x00000889       0x99 UART.o

.debug_macinfo
 *(.debug_macinfo)
OUTPUT(box.elf elf32-avr)
LOAD linker stubs

.debug_ranges   0x00000000       0x30
 .debug_ranges  0x00000000       0x30 DBox.o
